writing full probe log to probe-repeat2-after-ffmpeg.log
audio=/home/infected2202/data/media/music/soulseek/Yamaha/Aleksandir_Yamaha_01_Yamaha.flac
audio_count=2
model=discogs_multi
loader=app
new_predictor_per_track=False
capture_stderr=True
>>> STEP START import app.config.Settings
<<< STEP END import app.config.Settings (0.009s)
>>> STEP START Settings.from_env
<<< STEP END Settings.from_env (0.000s)
resolved_model_path=models/discogs_multi_embeddings-effnet-bs64-1.pb
model_exists=True
>>> STEP START import app.embedder
<<< STEP END import app.embedder (0.076s)
>>> STEP START DiscogsEffnetEmbedder init
<<< STEP END DiscogsEffnetEmbedder init (0.000s)
>>> STEP START import essentia.standard.TensorflowPredictEffnetDiscogs

--- captured stderr for import essentia.standard.TensorflowPredictEffnetDiscogs ---
[   INFO   ] MusicExtractorSVM: no classifier models were configured by default
--- end captured stderr for import essentia.standard.TensorflowPredictEffnetDiscogs ---

<<< STEP END import essentia.standard.TensorflowPredictEffnetDiscogs (0.789s)
>>> STEP START TensorflowPredictEffnetDiscogs init shared

--- captured stderr for TensorflowPredictEffnetDiscogs init shared ---
[   INFO   ] TensorflowPredict: Successfully loaded graph file: `models/discogs_multi_embeddings-effnet-bs64-1.pb`
--- end captured stderr for TensorflowPredictEffnetDiscogs init shared ---

<<< STEP END TensorflowPredictEffnetDiscogs init shared (0.081s)
=== TRACK 1/2 /home/infected2202/data/media/music/soulseek/Yamaha/Aleksandir_Yamaha_01_Yamaha.flac ===
>>> STEP START track 1 DiscogsEffnetEmbedder._load_audio
<<< STEP END track 1 DiscogsEffnetEmbedder._load_audio (0.300s)
audio_shape=(6215749,) dtype=float32
>>> STEP START track 1 TensorflowPredictEffnetDiscogs call
<<< STEP END track 1 TensorflowPredictEffnetDiscogs call (3.628s)
embeddings_shape=(390, 1280) dtype=float32
>>> STEP START track 1 pool_and_normalize
<<< STEP END track 1 pool_and_normalize (0.000s)
vector_shape=(1280,) dtype=float32 norm=1.000000
=== TRACK 2/2 /home/infected2202/data/media/music/soulseek/Yamaha/Aleksandir_Yamaha_01_Yamaha.flac ===
>>> STEP START track 2 DiscogsEffnetEmbedder._load_audio
<<< STEP END track 2 DiscogsEffnetEmbedder._load_audio (0.369s)
audio_shape=(6215749,) dtype=float32
>>> STEP START track 2 TensorflowPredictEffnetDiscogs call
<<< STEP END track 2 TensorflowPredictEffnetDiscogs call (3.560s)
embeddings_shape=(390, 1280) dtype=float32
>>> STEP START track 2 pool_and_normalize
<<< STEP END track 2 pool_and_normalize (0.000s)
vector_shape=(1280,) dtype=float32 norm=1.000000
>>> STEP START predictor shared delete+gc
<<< STEP END predictor shared delete+gc (0.018s)
>>> STEP START DiscogsEffnetEmbedder shared delete+gc
<<< STEP END DiscogsEffnetEmbedder shared delete+gc (0.003s)
probe complete
